This file contains any messages produced by compilers while
running configure, to aid debugging if configure makes a mistake.

It was created by libsyspriv configure 1.0, which was
generated by GNU Autoconf 2.71.  Invocation command line was

  $ ./configure

## --------- ##
## Platform. ##
## --------- ##

hostname = runnervmkj6or
uname -m = x86_64
uname -r = 6.11.0-1018-azure
uname -s = Linux
uname -v = #18~24.04.1-Ubuntu SMP Sat Jun 28 04:46:03 UTC 2025

/usr/bin/uname -p = x86_64
/bin/uname -X     = unknown

/bin/arch              = x86_64
/usr/bin/arch -k       = unknown
/usr/convex/getsysinfo = unknown
/usr/bin/hostinfo      = unknown
/bin/machine           = unknown
/usr/bin/oslevel       = unknown
/bin/universe          = unknown

PATH: /snap/bin/
PATH: /home/runner/.local/bin/
PATH: /opt/pipx_bin/
PATH: /home/runner/.cargo/bin/
PATH: /home/runner/.config/composer/vendor/bin/
PATH: /usr/local/.ghcup/bin/
PATH: /home/runner/.dotnet/tools/
PATH: /usr/local/sbin/
PATH: /usr/local/bin/
PATH: /usr/sbin/
PATH: /usr/bin/
PATH: /sbin/
PATH: /bin/
PATH: /usr/games/
PATH: /usr/local/games/
PATH: /snap/bin/


## ----------- ##
## Core tests. ##
## ----------- ##

configure:2836: looking for aux files: compile config.guess config.sub ltmain.sh missing install-sh
configure:2849:  trying ./
configure:2878:   ./compile found
configure:2878:   ./config.guess found
configure:2878:   ./config.sub found
configure:2878:   ./ltmain.sh found
configure:2878:   ./missing found
configure:2860:   ./install-sh found
configure:3007: checking for a BSD-compatible install
configure:3080: result: /usr/bin/install -c
configure:3091: checking whether build environment is sane
configure:3146: result: yes
configure:3305: checking for a race-free mkdir -p
configure:3349: result: /usr/bin/mkdir -p
configure:3356: checking for gawk
configure:3377: found /usr/bin/gawk
configure:3388: result: gawk
configure:3399: checking whether make sets $(MAKE)
configure:3422: result: yes
configure:3452: checking whether make supports nested variables
configure:3470: result: yes
configure:3638: checking build system type
configure:3653: result: x86_64-pc-linux-gnu
configure:3673: checking host system type
configure:3687: result: x86_64-pc-linux-gnu
configure:3728: checking how to print strings
configure:3755: result: printf
configure:3789: checking whether make supports the include directive
configure:3804: make -f confmf.GNU && cat confinc.out
this is the am__doit target
configure:3807: $? = 0
configure:3826: result: yes (GNU style)
configure:3902: checking for gcc
configure:3923: found /usr/bin/gcc
configure:3934: result: gcc
configure:4287: checking for C compiler version
configure:4296: gcc --version >&5
gcc (Ubuntu 13.3.0-6ubuntu2~24.04) 13.3.0
Copyright (C) 2023 Free Software Foundation, Inc.
This is free software; see the source for copying conditions.  There is NO
warranty; not even for MERCHANTABILITY or FITNESS FOR A PARTICULAR PURPOSE.

configure:4307: $? = 0
configure:4296: gcc -v >&5
Using built-in specs.
COLLECT_GCC=gcc
COLLECT_LTO_WRAPPER=/usr/libexec/gcc/x86_64-linux-gnu/13/lto-wrapper
OFFLOAD_TARGET_NAMES=nvptx-none:amdgcn-amdhsa
OFFLOAD_TARGET_DEFAULT=1
Target: x86_64-linux-gnu
Configured with: ../src/configure -v --with-pkgversion='Ubuntu 13.3.0-6ubuntu2~24.04' --with-bugurl=file:///usr/share/doc/gcc-13/README.Bugs --enable-languages=c,ada,c++,go,d,fortran,objc,obj-c++,m2 --prefix=/usr --with-gcc-major-version-only --program-suffix=-13 --program-prefix=x86_64-linux-gnu- --enable-shared --enable-linker-build-id --libexecdir=/usr/libexec --without-included-gettext --enable-threads=posix --libdir=/usr/lib --enable-nls --enable-bootstrap --enable-clocale=gnu --enable-libstdcxx-debug --enable-libstdcxx-time=yes --with-default-libstdcxx-abi=new --enable-libstdcxx-backtrace --enable-gnu-unique-object --disable-vtable-verify --enable-plugin --enable-default-pie --with-system-zlib --enable-libphobos-checking=release --with-target-system-zlib=auto --enable-objc-gc=auto --enable-multiarch --disable-werror --enable-cet --with-arch-32=i686 --with-abi=m64 --with-multilib-list=m32,m64,mx32 --enable-multilib --with-tune=generic --enable-offload-targets=nvptx-none=/build/gcc-13-fG75Ri/gcc-13-13.3.0/debian/tmp-nvptx/usr,amdgcn-amdhsa=/build/gcc-13-fG75Ri/gcc-13-13.3.0/debian/tmp-gcn/usr --enable-offload-defaulted --without-cuda-driver --enable-checking=release --build=x86_64-linux-gnu --host=x86_64-linux-gnu --target=x86_64-linux-gnu --with-build-config=bootstrap-lto-lean --enable-link-serialization=2
Thread model: posix
Supported LTO compression algorithms: zlib zstd
gcc version 13.3.0 (Ubuntu 13.3.0-6ubuntu2~24.04) 
... rest of stderr output deleted ...
configure:4307: $? = 0
configure:4296: gcc -V >&5
gcc: error: unrecognized command-line option '-V'
gcc: fatal error: no input files
compilation terminated.
configure:4307: $? = 1
configure:4296: gcc -qversion >&5
gcc: error: unrecognized command-line option '-qversion'; did you mean '--version'?
gcc: fatal error: no input files
compilation terminated.
configure:4307: $? = 1
configure:4296: gcc -version >&5
gcc: error: unrecognized command-line option '-version'
gcc: fatal error: no input files
compilation terminated.
configure:4307: $? = 1
configure:4327: checking whether the C compiler works
configure:4349: gcc    conftest.c  >&5
configure:4353: $? = 0
configure:4403: result: yes
configure:4406: checking for C compiler default output file name
configure:4408: result: a.out
configure:4414: checking for suffix of executables
configure:4421: gcc -o conftest    conftest.c  >&5
configure:4425: $? = 0
configure:4448: result: 
configure:4470: checking whether we are cross compiling
configure:4478: gcc -o conftest    conftest.c  >&5
configure:4482: $? = 0
configure:4489: ./conftest
configure:4493: $? = 0
configure:4508: result: no
configure:4513: checking for suffix of object files
configure:4536: gcc -c   conftest.c >&5
configure:4540: $? = 0
configure:4562: result: o
configure:4566: checking whether the compiler supports GNU C
configure:4586: gcc -c   conftest.c >&5
configure:4586: $? = 0
configure:4596: result: yes
configure:4607: checking whether gcc accepts -g
configure:4628: gcc -c -g  conftest.c >&5
configure:4628: $? = 0
configure:4672: result: yes
configure:4692: checking for gcc option to enable C11 features
configure:4707: gcc  -c -g -O2  conftest.c >&5
configure:4707: $? = 0
configure:4725: result: none needed
configure:4841: checking whether gcc understands -c and -o together
configure:4864: gcc -c conftest.c -o conftest2.o
configure:4867: $? = 0
configure:4864: gcc -c conftest.c -o conftest2.o
configure:4867: $? = 0
configure:4879: result: yes
configure:4898: checking dependency style of gcc
configure:5010: result: gcc3
configure:5025: checking for a sed that does not truncate output
configure:5095: result: /usr/bin/sed
configure:5113: checking for grep that handles long lines and -e
configure:5177: result: /usr/bin/grep
configure:5182: checking for egrep
configure:5250: result: /usr/bin/grep -E
configure:5255: checking for fgrep
configure:5323: result: /usr/bin/grep -F
configure:5359: checking for ld used by gcc
configure:5427: result: /usr/bin/ld
configure:5434: checking if the linker (/usr/bin/ld) is GNU ld
configure:5450: result: yes
configure:5462: checking for BSD- or MS-compatible name lister (nm)
configure:5517: result: /usr/bin/nm -B
configure:5657: checking the name lister (/usr/bin/nm -B) interface
configure:5665: gcc -c -g -O2  conftest.c >&5
configure:5668: /usr/bin/nm -B "conftest.o"
configure:5671: output
0000000000000000 B some_variable
configure:5678: result: BSD nm
configure:5681: checking whether ln -s works
configure:5685: result: yes
configure:5693: checking the maximum length of command line arguments
configure:5825: result: 3145728
configure:5873: checking how to convert x86_64-pc-linux-gnu file names to x86_64-pc-linux-gnu format
configure:5914: result: func_convert_file_noop
configure:5921: checking how to convert x86_64-pc-linux-gnu file names to toolchain format
configure:5942: result: func_convert_file_noop
configure:5949: checking for /usr/bin/ld option to reload object files
configure:5957: result: -r
configure:6036: checking for file
configure:6057: found /usr/bin/file
configure:6068: result: file
configure:6144: checking for objdump
configure:6165: found /usr/bin/objdump
configure:6176: result: objdump
configure:6208: checking how to recognize dependent libraries
configure:6409: result: pass_all
configure:6499: checking for dlltool
configure:6534: result: no
configure:6564: checking how to associate runtime and link libraries
configure:6592: result: printf %s\n
configure:6658: checking for ar
configure:6679: found /usr/bin/ar
configure:6690: result: ar
configure:6743: checking for archiver @FILE support
configure:6761: gcc -c -g -O2  conftest.c >&5
configure:6761: $? = 0
configure:6765: ar cr libconftest.a @conftest.lst >&5
configure:6768: $? = 0
configure:6773: ar cr libconftest.a @conftest.lst >&5
ar: conftest.o: No such file or directory
configure:6776: $? = 1
configure:6788: result: @
configure:6851: checking for strip
configure:6872: found /usr/bin/strip
configure:6883: result: strip
configure:6960: checking for ranlib
configure:6981: found /usr/bin/ranlib
configure:6992: result: ranlib
configure:7094: checking command to parse /usr/bin/nm -B output from gcc object
configure:7248: gcc -c -g -O2  conftest.c >&5
configure:7251: $? = 0
configure:7255: /usr/bin/nm -B conftest.o | /usr/bin/sed -n -e 's/^.*[	 ]\([ABCDGIRSTW][ABCDGIRSTW]*\)[	 ][	 ]*\([_A-Za-z][_A-Za-z0-9]*\)$/\1 \2 \2/p' | /usr/bin/sed '/ __gnu_lto/d' > conftest.nm
configure:7321: gcc -o conftest -g -O2   conftest.c conftstm.o >&5
configure:7324: $? = 0
configure:7362: result: ok
configure:7409: checking for sysroot
configure:7440: result: no
configure:7447: checking for a working dd
configure:7491: result: /usr/bin/dd
configure:7495: checking how to truncate binary pipes
configure:7511: result: /usr/bin/dd bs=4096 count=1
configure:7648: gcc -c -g -O2  conftest.c >&5
configure:7651: $? = 0
configure:7848: checking for mt
configure:7869: found /usr/bin/mt
configure:7880: result: mt
configure:7903: checking if mt is a manifest tool
configure:7910: mt '-?'
configure:7918: result: no
configure:8643: checking for stdio.h
configure:8643: gcc -c -g -O2  conftest.c >&5
configure:8643: $? = 0
configure:8643: result: yes
configure:8643: checking for stdlib.h
configure:8643: gcc -c -g -O2  conftest.c >&5
configure:8643: $? = 0
configure:8643: result: yes
configure:8643: checking for string.h
configure:8643: gcc -c -g -O2  conftest.c >&5
configure:8643: $? = 0
configure:8643: result: yes
configure:8643: checking for inttypes.h
configure:8643: gcc -c -g -O2  conftest.c >&5
configure:8643: $? = 0
configure:8643: result: yes
configure:8643: checking for stdint.h
configure:8643: gcc -c -g -O2  conftest.c >&5
configure:8643: $? = 0
configure:8643: result: yes
configure:8643: checking for strings.h
configure:8643: gcc -c -g -O2  conftest.c >&5
configure:8643: $? = 0
configure:8643: result: yes
configure:8643: checking for sys/stat.h
configure:8643: gcc -c -g -O2  conftest.c >&5
configure:8643: $? = 0
configure:8643: result: yes
configure:8643: checking for sys/types.h
configure:8643: gcc -c -g -O2  conftest.c >&5
configure:8643: $? = 0
configure:8643: result: yes
configure:8643: checking for unistd.h
configure:8643: gcc -c -g -O2  conftest.c >&5
configure:8643: $? = 0
configure:8643: result: yes
configure:8668: checking for dlfcn.h
configure:8668: gcc -c -g -O2  conftest.c >&5
configure:8668: $? = 0
configure:8668: result: yes
configure:8927: checking for objdir
configure:8943: result: .libs
configure:9207: checking if gcc supports -fno-rtti -fno-exceptions
configure:9226: gcc -c -g -O2  -fno-rtti -fno-exceptions conftest.c >&5
cc1: warning: command-line option '-fno-rtti' is valid for C++/D/ObjC++ but not for C
configure:9230: $? = 0
configure:9243: result: no
configure:9607: checking for gcc option to produce PIC
configure:9615: result: -fPIC -DPIC
configure:9623: checking if gcc PIC flag -fPIC -DPIC works
configure:9642: gcc -c -g -O2  -fPIC -DPIC -DPIC conftest.c >&5
configure:9646: $? = 0
configure:9659: result: yes
configure:9688: checking if gcc static flag -static works
configure:9717: result: yes
configure:9732: checking if gcc supports -c -o file.o
configure:9754: gcc -c -g -O2  -o out/conftest2.o conftest.c >&5
configure:9758: $? = 0
configure:9780: result: yes
configure:9788: checking if gcc supports -c -o file.o
configure:9836: result: yes
configure:9869: checking whether the gcc linker (/usr/bin/ld -m elf_x86_64) supports shared libraries
configure:11143: result: yes
configure:11180: checking whether -lc should be explicitly linked in
configure:11189: gcc -c -g -O2  conftest.c >&5
configure:11192: $? = 0
configure:11207: gcc -shared  -fPIC -DPIC conftest.o  -v -Wl,-soname -Wl,conftest -o conftest 2\>\&1 \| /usr/bin/grep  -lc  \>/dev/null 2\>\&1
configure:11210: $? = 0
configure:11224: result: no
configure:11384: checking dynamic linker characteristics
configure:11966: gcc -o conftest -g -O2   -Wl,-rpath -Wl,/foo conftest.c  >&5
configure:11966: $? = 0
configure:12217: result: GNU/Linux ld.so
configure:12339: checking how to hardcode library paths into programs
configure:12364: result: immediate
configure:12916: checking whether stripping libraries is possible
configure:12925: result: yes
configure:12967: checking if libtool supports shared libraries
configure:12969: result: yes
configure:12972: checking whether to build shared libraries
configure:12997: result: yes
configure:13000: checking whether to build static libraries
configure:13004: result: yes
configure:13157: checking for gcc
configure:13189: result: gcc
configure:13542: checking for C compiler version
configure:13551: gcc --version >&5
gcc (Ubuntu 13.3.0-6ubuntu2~24.04) 13.3.0
Copyright (C) 2023 Free Software Foundation, Inc.
This is free software; see the source for copying conditions.  There is NO
warranty; not even for MERCHANTABILITY or FITNESS FOR A PARTICULAR PURPOSE.

configure:13562: $? = 0
configure:13551: gcc -v >&5
Using built-in specs.
COLLECT_GCC=gcc
COLLECT_LTO_WRAPPER=/usr/libexec/gcc/x86_64-linux-gnu/13/lto-wrapper
OFFLOAD_TARGET_NAMES=nvptx-none:amdgcn-amdhsa
OFFLOAD_TARGET_DEFAULT=1
Target: x86_64-linux-gnu
Configured with: ../src/configure -v --with-pkgversion='Ubuntu 13.3.0-6ubuntu2~24.04' --with-bugurl=file:///usr/share/doc/gcc-13/README.Bugs --enable-languages=c,ada,c++,go,d,fortran,objc,obj-c++,m2 --prefix=/usr --with-gcc-major-version-only --program-suffix=-13 --program-prefix=x86_64-linux-gnu- --enable-shared --enable-linker-build-id --libexecdir=/usr/libexec --without-included-gettext --enable-threads=posix --libdir=/usr/lib --enable-nls --enable-bootstrap --enable-clocale=gnu --enable-libstdcxx-debug --enable-libstdcxx-time=yes --with-default-libstdcxx-abi=new --enable-libstdcxx-backtrace --enable-gnu-unique-object --disable-vtable-verify --enable-plugin --enable-default-pie --with-system-zlib --enable-libphobos-checking=release --with-target-system-zlib=auto --enable-objc-gc=auto --enable-multiarch --disable-werror --enable-cet --with-arch-32=i686 --with-abi=m64 --with-multilib-list=m32,m64,mx32 --enable-multilib --with-tune=generic --enable-offload-targets=nvptx-none=/build/gcc-13-fG75Ri/gcc-13-13.3.0/debian/tmp-nvptx/usr,amdgcn-amdhsa=/build/gcc-13-fG75Ri/gcc-13-13.3.0/debian/tmp-gcn/usr --enable-offload-defaulted --without-cuda-driver --enable-checking=release --build=x86_64-linux-gnu --host=x86_64-linux-gnu --target=x86_64-linux-gnu --with-build-config=bootstrap-lto-lean --enable-link-serialization=2
Thread model: posix
Supported LTO compression algorithms: zlib zstd
gcc version 13.3.0 (Ubuntu 13.3.0-6ubuntu2~24.04) 
... rest of stderr output deleted ...
configure:13562: $? = 0
configure:13551: gcc -V >&5
gcc: error: unrecognized command-line option '-V'
gcc: fatal error: no input files
compilation terminated.
configure:13562: $? = 1
configure:13551: gcc -qversion >&5
gcc: error: unrecognized command-line option '-qversion'; did you mean '--version'?
gcc: fatal error: no input files
compilation terminated.
configure:13562: $? = 1
configure:13551: gcc -version >&5
gcc: error: unrecognized command-line option '-version'
gcc: fatal error: no input files
compilation terminated.
configure:13562: $? = 1
configure:13566: checking whether the compiler supports GNU C
configure:13596: result: yes
configure:13607: checking whether gcc accepts -g
configure:13672: result: yes
configure:13692: checking for gcc option to enable C11 features
configure:13725: result: none needed
configure:13841: checking whether gcc understands -c and -o together
configure:13879: result: yes
configure:13898: checking dependency style of gcc
configure:14010: result: gcc3
configure:14099: checking for g++
configure:14120: found /usr/bin/g++
configure:14131: result: g++
configure:14158: checking for C++ compiler version
configure:14167: g++ --version >&5
g++ (Ubuntu 13.3.0-6ubuntu2~24.04) 13.3.0
Copyright (C) 2023 Free Software Foundation, Inc.
This is free software; see the source for copying conditions.  There is NO
warranty; not even for MERCHANTABILITY or FITNESS FOR A PARTICULAR PURPOSE.

configure:14178: $? = 0
configure:14167: g++ -v >&5
Using built-in specs.
COLLECT_GCC=g++
COLLECT_LTO_WRAPPER=/usr/libexec/gcc/x86_64-linux-gnu/13/lto-wrapper
OFFLOAD_TARGET_NAMES=nvptx-none:amdgcn-amdhsa
OFFLOAD_TARGET_DEFAULT=1
Target: x86_64-linux-gnu
Configured with: ../src/configure -v --with-pkgversion='Ubuntu 13.3.0-6ubuntu2~24.04' --with-bugurl=file:///usr/share/doc/gcc-13/README.Bugs --enable-languages=c,ada,c++,go,d,fortran,objc,obj-c++,m2 --prefix=/usr --with-gcc-major-version-only --program-suffix=-13 --program-prefix=x86_64-linux-gnu- --enable-shared --enable-linker-build-id --libexecdir=/usr/libexec --without-included-gettext --enable-threads=posix --libdir=/usr/lib --enable-nls --enable-bootstrap --enable-clocale=gnu --enable-libstdcxx-debug --enable-libstdcxx-time=yes --with-default-libstdcxx-abi=new --enable-libstdcxx-backtrace --enable-gnu-unique-object --disable-vtable-verify --enable-plugin --enable-default-pie --with-system-zlib --enable-libphobos-checking=release --with-target-system-zlib=auto --enable-objc-gc=auto --enable-multiarch --disable-werror --enable-cet --with-arch-32=i686 --with-abi=m64 --with-multilib-list=m32,m64,mx32 --enable-multilib --with-tune=generic --enable-offload-targets=nvptx-none=/build/gcc-13-fG75Ri/gcc-13-13.3.0/debian/tmp-nvptx/usr,amdgcn-amdhsa=/build/gcc-13-fG75Ri/gcc-13-13.3.0/debian/tmp-gcn/usr --enable-offload-defaulted --without-cuda-driver --enable-checking=release --build=x86_64-linux-gnu --host=x86_64-linux-gnu --target=x86_64-linux-gnu --with-build-config=bootstrap-lto-lean --enable-link-serialization=2
Thread model: posix
Supported LTO compression algorithms: zlib zstd
gcc version 13.3.0 (Ubuntu 13.3.0-6ubuntu2~24.04) 
... rest of stderr output deleted ...
configure:14178: $? = 0
configure:14167: g++ -V >&5
g++: error: unrecognized command-line option '-V'
g++: fatal error: no input files
compilation terminated.
configure:14178: $? = 1
configure:14167: g++ -qversion >&5
g++: error: unrecognized command-line option '-qversion'; did you mean '--version'?
g++: fatal error: no input files
compilation terminated.
configure:14178: $? = 1
configure:14182: checking whether the compiler supports GNU C++
configure:14202: g++ -c   conftest.cpp >&5
configure:14202: $? = 0
configure:14212: result: yes
configure:14223: checking whether g++ accepts -g
configure:14244: g++ -c -g  conftest.cpp >&5
configure:14244: $? = 0
configure:14288: result: yes
configure:14308: checking for g++ option to enable C++11 features
configure:14323: g++  -c -g -O2  conftest.cpp >&5
conftest.cpp: In function 'int main(int, char**)':
conftest.cpp:189:25: warning: empty parentheses were disambiguated as a function declaration [-Wvexing-parse]
  189 |   cxx11test::delegate d2();
      |                         ^~
conftest.cpp:189:25: note: remove parentheses to default-initialize a variable
  189 |   cxx11test::delegate d2();
      |                         ^~
      |                         --
conftest.cpp:189:25: note: or replace parentheses with braces to value-initialize a variable
configure:14323: $? = 0
configure:14341: result: none needed
configure:14407: checking dependency style of g++
configure:14519: result: gcc3
configure:14552: checking how to run the C++ preprocessor
configure:14574: g++ -E  conftest.cpp
configure:14574: $? = 0
configure:14589: g++ -E  conftest.cpp
conftest.cpp:23:10: fatal error: ac_nonexistent.h: No such file or directory
   23 | #include <ac_nonexistent.h>
      |          ^~~~~~~~~~~~~~~~~~
compilation terminated.
configure:14589: $? = 1
configure: failed program was:
| /* confdefs.h */
| #define PACKAGE_NAME "libsyspriv"
| #define PACKAGE_TARNAME "libsyspriv"
| #define PACKAGE_VERSION "1.0"
| #define PACKAGE_STRING "libsyspriv 1.0"
| #define PACKAGE_BUGREPORT "BUG-REPORT-ADDRESS"
| #define PACKAGE_URL ""
| #define PACKAGE "libsyspriv"
| #define VERSION "1.0"
| #define HAVE_STDIO_H 1
| #define HAVE_STDLIB_H 1
| #define HAVE_STRING_H 1
| #define HAVE_INTTYPES_H 1
| #define HAVE_STDINT_H 1
| #define HAVE_STRINGS_H 1
| #define HAVE_SYS_STAT_H 1
| #define HAVE_SYS_TYPES_H 1
| #define HAVE_UNISTD_H 1
| #define STDC_HEADERS 1
| #define HAVE_DLFCN_H 1
| #define LT_OBJDIR ".libs/"
| /* end confdefs.h.  */
| #include <ac_nonexistent.h>
configure:14616: result: g++ -E
configure:14630: g++ -E  conftest.cpp
configure:14630: $? = 0
configure:14645: g++ -E  conftest.cpp
conftest.cpp:23:10: fatal error: ac_nonexistent.h: No such file or directory
   23 | #include <ac_nonexistent.h>
      |          ^~~~~~~~~~~~~~~~~~
compilation terminated.
configure:14645: $? = 1
configure: failed program was:
| /* confdefs.h */
| #define PACKAGE_NAME "libsyspriv"
| #define PACKAGE_TARNAME "libsyspriv"
| #define PACKAGE_VERSION "1.0"
| #define PACKAGE_STRING "libsyspriv 1.0"
| #define PACKAGE_BUGREPORT "BUG-REPORT-ADDRESS"
| #define PACKAGE_URL ""
| #define PACKAGE "libsyspriv"
| #define VERSION "1.0"
| #define HAVE_STDIO_H 1
| #define HAVE_STDLIB_H 1
| #define HAVE_STRING_H 1
| #define HAVE_INTTYPES_H 1
| #define HAVE_STDINT_H 1
| #define HAVE_STRINGS_H 1
| #define HAVE_SYS_STAT_H 1
| #define HAVE_SYS_TYPES_H 1
| #define HAVE_UNISTD_H 1
| #define STDC_HEADERS 1
| #define HAVE_DLFCN_H 1
| #define LT_OBJDIR ".libs/"
| /* end confdefs.h.  */
| #include <ac_nonexistent.h>
configure:14810: checking for ld used by g++
configure:14878: result: /usr/bin/ld -m elf_x86_64
configure:14885: checking if the linker (/usr/bin/ld -m elf_x86_64) is GNU ld
configure:14901: result: yes
configure:14956: checking whether the g++ linker (/usr/bin/ld -m elf_x86_64) supports shared libraries
configure:16034: result: yes
configure:16070: g++ -c -g -O2  conftest.cpp >&5
configure:16073: $? = 0
configure:16554: checking for g++ option to produce PIC
configure:16562: result: -fPIC -DPIC
configure:16570: checking if g++ PIC flag -fPIC -DPIC works
configure:16589: g++ -c -g -O2  -fPIC -DPIC -DPIC conftest.cpp >&5
configure:16593: $? = 0
configure:16606: result: yes
configure:16629: checking if g++ static flag -static works
configure:16658: result: yes
configure:16670: checking if g++ supports -c -o file.o
configure:16692: g++ -c -g -O2  -o out/conftest2.o conftest.cpp >&5
configure:16696: $? = 0
configure:16718: result: yes
configure:16723: checking if g++ supports -c -o file.o
configure:16771: result: yes
configure:16801: checking whether the g++ linker (/usr/bin/ld -m elf_x86_64) supports shared libraries
configure:16844: result: yes
configure:16986: checking dynamic linker characteristics
configure:17746: result: GNU/Linux ld.so
configure:17811: checking how to hardcode library paths into programs
configure:17836: result: immediate
configure:17877: checking for stdlib.h
configure:17877: result: yes
configure:17883: checking for string.h
configure:17883: result: yes
configure:17889: checking for unistd.h
configure:17889: result: yes
configure:17898: checking for cap_init in -lcap
configure:17921: gcc -o conftest -g -O2   conftest.c -lcap   >&5
/usr/bin/ld: cannot find -lcap: No such file or directory
collect2: error: ld returned 1 exit status
configure:17921: $? = 1
configure: failed program was:
| /* confdefs.h */
| #define PACKAGE_NAME "libsyspriv"
| #define PACKAGE_TARNAME "libsyspriv"
| #define PACKAGE_VERSION "1.0"
| #define PACKAGE_STRING "libsyspriv 1.0"
| #define PACKAGE_BUGREPORT "BUG-REPORT-ADDRESS"
| #define PACKAGE_URL ""
| #define PACKAGE "libsyspriv"
| #define VERSION "1.0"
| #define HAVE_STDIO_H 1
| #define HAVE_STDLIB_H 1
| #define HAVE_STRING_H 1
| #define HAVE_INTTYPES_H 1
| #define HAVE_STDINT_H 1
| #define HAVE_STRINGS_H 1
| #define HAVE_SYS_STAT_H 1
| #define HAVE_SYS_TYPES_H 1
| #define HAVE_UNISTD_H 1
| #define STDC_HEADERS 1
| #define HAVE_DLFCN_H 1
| #define LT_OBJDIR ".libs/"
| #define HAVE_STDLIB_H 1
| #define HAVE_STRING_H 1
| #define HAVE_UNISTD_H 1
| /* end confdefs.h.  */
| 
| /* Override any GCC internal prototype to avoid an error.
|    Use char because int might match the return type of a GCC
|    builtin and then its argument prototype would still apply.  */
| char cap_init ();
| int
| main (void)
| {
| return cap_init ();
|   ;
|   return 0;
| }
configure:17931: result: no
configure:18002: checking for pkg-config
configure:18025: found /usr/bin/pkg-config
configure:18037: result: /usr/bin/pkg-config
configure:18062: checking pkg-config is at least version 0.9.0
configure:18065: result: yes
configure:18075: checking for jsoncpp
configure:18082: $PKG_CONFIG --exists --print-errors "jsoncpp"
Package jsoncpp was not found in the pkg-config search path.
Perhaps you should add the directory containing `jsoncpp.pc'
to the PKG_CONFIG_PATH environment variable
Package 'jsoncpp', required by 'virtual:world', not found
configure:18085: $? = 1
configure:18099: $PKG_CONFIG --exists --print-errors "jsoncpp"
Package jsoncpp was not found in the pkg-config search path.
Perhaps you should add the directory containing `jsoncpp.pc'
to the PKG_CONFIG_PATH environment variable
Package 'jsoncpp', required by 'virtual:world', not found
configure:18102: $? = 1
configure:18116: result: no
Package 'jsoncpp', required by 'virtual:world', not found
configure:18132: error: jsoncpp not found. Install jsoncpp-devel

## ---------------- ##
## Cache variables. ##
## ---------------- ##

ac_cv_build=x86_64-pc-linux-gnu
ac_cv_c_compiler_gnu=yes
ac_cv_cxx_compiler_gnu=yes
ac_cv_env_CCC_set=
ac_cv_env_CCC_value=
ac_cv_env_CC_set=
ac_cv_env_CC_value=
ac_cv_env_CFLAGS_set=
ac_cv_env_CFLAGS_value=
ac_cv_env_CPPFLAGS_set=
ac_cv_env_CPPFLAGS_value=
ac_cv_env_CXXCPP_set=
ac_cv_env_CXXCPP_value=
ac_cv_env_CXXFLAGS_set=
ac_cv_env_CXXFLAGS_value=
ac_cv_env_CXX_set=
ac_cv_env_CXX_value=
ac_cv_env_JSONCPP_CFLAGS_set=
ac_cv_env_JSONCPP_CFLAGS_value=
ac_cv_env_JSONCPP_LIBS_set=
ac_cv_env_JSONCPP_LIBS_value=
ac_cv_env_LDFLAGS_set=
ac_cv_env_LDFLAGS_value=
ac_cv_env_LIBS_set=
ac_cv_env_LIBS_value=
ac_cv_env_LT_SYS_LIBRARY_PATH_set=
ac_cv_env_LT_SYS_LIBRARY_PATH_value=
ac_cv_env_PKG_CONFIG_LIBDIR_set=
ac_cv_env_PKG_CONFIG_LIBDIR_value=
ac_cv_env_PKG_CONFIG_PATH_set=
ac_cv_env_PKG_CONFIG_PATH_value=
ac_cv_env_PKG_CONFIG_set=
ac_cv_env_PKG_CONFIG_value=
ac_cv_env_build_alias_set=
ac_cv_env_build_alias_value=
ac_cv_env_host_alias_set=
ac_cv_env_host_alias_value=
ac_cv_env_target_alias_set=
ac_cv_env_target_alias_value=
ac_cv_header_dlfcn_h=yes
ac_cv_header_inttypes_h=yes
ac_cv_header_stdint_h=yes
ac_cv_header_stdio_h=yes
ac_cv_header_stdlib_h=yes
ac_cv_header_string_h=yes
ac_cv_header_strings_h=yes
ac_cv_header_sys_stat_h=yes
ac_cv_header_sys_types_h=yes
ac_cv_header_unistd_h=yes
ac_cv_host=x86_64-pc-linux-gnu
ac_cv_lib_cap_cap_init=no
ac_cv_objext=o
ac_cv_path_EGREP='/usr/bin/grep -E'
ac_cv_path_FGREP='/usr/bin/grep -F'
ac_cv_path_GREP=/usr/bin/grep
ac_cv_path_SED=/usr/bin/sed
ac_cv_path_ac_pt_PKG_CONFIG=/usr/bin/pkg-config
ac_cv_path_install='/usr/bin/install -c'
ac_cv_path_lt_DD=/usr/bin/dd
ac_cv_path_mkdir=/usr/bin/mkdir
ac_cv_prog_AWK=gawk
ac_cv_prog_CXXCPP='g++ -E'
ac_cv_prog_ac_ct_AR=ar
ac_cv_prog_ac_ct_CC=gcc
ac_cv_prog_ac_ct_CXX=g++
ac_cv_prog_ac_ct_FILECMD=file
ac_cv_prog_ac_ct_MANIFEST_TOOL=mt
ac_cv_prog_ac_ct_OBJDUMP=objdump
ac_cv_prog_ac_ct_RANLIB=ranlib
ac_cv_prog_ac_ct_STRIP=strip
ac_cv_prog_cc_c11=
ac_cv_prog_cc_g=yes
ac_cv_prog_cc_stdc=
ac_cv_prog_cxx_cxx11=
ac_cv_prog_cxx_g=yes
ac_cv_prog_cxx_stdcxx=
ac_cv_prog_make_make_set=yes
am_cv_CC_dependencies_compiler_type=gcc3
am_cv_CXX_dependencies_compiler_type=gcc3
am_cv_make_support_nested_variables=yes
am_cv_prog_cc_c_o=yes
lt_cv_ar_at_file=@
lt_cv_archive_cmds_need_lc=no
lt_cv_deplibs_check_method=pass_all
lt_cv_file_magic_cmd='$MAGIC_CMD'
lt_cv_file_magic_test_file=
lt_cv_ld_reload_flag=-r
lt_cv_nm_interface='BSD nm'
lt_cv_objdir=.libs
lt_cv_path_LD=/usr/bin/ld
lt_cv_path_LDCXX='/usr/bin/ld -m elf_x86_64'
lt_cv_path_NM='/usr/bin/nm -B'
lt_cv_path_mainfest_tool=no
lt_cv_prog_compiler_c_o=yes
lt_cv_prog_compiler_c_o_CXX=yes
lt_cv_prog_compiler_pic='-fPIC -DPIC'
lt_cv_prog_compiler_pic_CXX='-fPIC -DPIC'
lt_cv_prog_compiler_pic_works=yes
lt_cv_prog_compiler_pic_works_CXX=yes
lt_cv_prog_compiler_rtti_exceptions=no
lt_cv_prog_compiler_static_works=yes
lt_cv_prog_compiler_static_works_CXX=yes
lt_cv_prog_gnu_ld=yes
lt_cv_prog_gnu_ldcxx=yes
lt_cv_sharedlib_from_linklib_cmd='printf %s\n'
lt_cv_shlibpath_overrides_runpath=yes
lt_cv_sys_global_symbol_pipe='/usr/bin/sed -n -e '\''s/^.*[	 ]\([ABCDGIRSTW][ABCDGIRSTW]*\)[	 ][	 ]*\([_A-Za-z][_A-Za-z0-9]*\)$/\1 \2 \2/p'\'' | /usr/bin/sed '\''/ __gnu_lto/d'\'''
lt_cv_sys_global_symbol_to_c_name_address='/usr/bin/sed -n -e '\''s/^: \(.*\) .*$/  {"\1", (void *) 0},/p'\'' -e '\''s/^[ABCDGIRSTW][ABCDGIRSTW]* .* \(.*\)$/  {"\1", (void *) \&\1},/p'\'''
lt_cv_sys_global_symbol_to_c_name_address_lib_prefix='/usr/bin/sed -n -e '\''s/^: \(.*\) .*$/  {"\1", (void *) 0},/p'\'' -e '\''s/^[ABCDGIRSTW][ABCDGIRSTW]* .* \(lib.*\)$/  {"\1", (void *) \&\1},/p'\'' -e '\''s/^[ABCDGIRSTW][ABCDGIRSTW]* .* \(.*\)$/  {"lib\1", (void *) \&\1},/p'\'''
lt_cv_sys_global_symbol_to_cdecl='/usr/bin/sed -n -e '\''s/^T .* \(.*\)$/extern int \1();/p'\'' -e '\''s/^[ABCDGIRSTW][ABCDGIRSTW]* .* \(.*\)$/extern char \1;/p'\'''
lt_cv_sys_global_symbol_to_import=
lt_cv_sys_max_cmd_len=3145728
lt_cv_to_host_file_cmd=func_convert_file_noop
lt_cv_to_tool_file_cmd=func_convert_file_noop
lt_cv_truncate_bin='/usr/bin/dd bs=4096 count=1'

## ----------------- ##
## Output variables. ##
## ----------------- ##

ACLOCAL='${SHELL} '\''/home/runner/work/rdk-libunpriv/rdk-libunpriv/missing'\'' aclocal-1.16'
AMDEPBACKSLASH='\'
AMDEP_FALSE='#'
AMDEP_TRUE=''
AMTAR='$${TAR-tar}'
AM_BACKSLASH='\'
AM_DEFAULT_V='$(AM_DEFAULT_VERBOSITY)'
AM_DEFAULT_VERBOSITY='1'
AM_V='$(V)'
AR='ar'
AUTOCONF='${SHELL} '\''/home/runner/work/rdk-libunpriv/rdk-libunpriv/missing'\'' autoconf'
AUTOHEADER='${SHELL} '\''/home/runner/work/rdk-libunpriv/rdk-libunpriv/missing'\'' autoheader'
AUTOMAKE='${SHELL} '\''/home/runner/work/rdk-libunpriv/rdk-libunpriv/missing'\'' automake-1.16'
AWK='gawk'
CC='gcc'
CCDEPMODE='depmode=gcc3'
CFLAGS='-g -O2'
CPPFLAGS=''
CSCOPE='cscope'
CTAGS='ctags'
CXX='g++'
CXXCPP='g++ -E'
CXXDEPMODE='depmode=gcc3'
CXXFLAGS='-g -O2'
CYGPATH_W='echo'
DEFS=''
DEPDIR='.deps'
DLLTOOL='false'
DSYMUTIL=''
DUMPBIN=''
ECHO_C=''
ECHO_N='-n'
ECHO_T=''
EGREP='/usr/bin/grep -E'
ETAGS='etags'
EXEEXT=''
FGREP='/usr/bin/grep -F'
FILECMD='file'
GREP='/usr/bin/grep'
GTEST_ENABLE_FLAG=''
INSTALL_DATA='${INSTALL} -m 644'
INSTALL_PROGRAM='${INSTALL}'
INSTALL_SCRIPT='${INSTALL}'
INSTALL_STRIP_PROGRAM='$(install_sh) -c -s'
JSONCPP_CFLAGS=''
JSONCPP_LIBS=''
LD='/usr/bin/ld -m elf_x86_64'
LDFLAGS=''
LIBCAP_LIBS=''
LIBOBJS=''
LIBS=''
LIBTOOL='$(SHELL) $(top_builddir)/libtool'
LIPO=''
LN_S='ln -s'
LTLIBOBJS=''
LT_SYS_LIBRARY_PATH=''
MAKEINFO='${SHELL} '\''/home/runner/work/rdk-libunpriv/rdk-libunpriv/missing'\'' makeinfo'
MANIFEST_TOOL=':'
MKDIR_P='/usr/bin/mkdir -p'
NM='/usr/bin/nm -B'
NMEDIT=''
OBJDUMP='objdump'
OBJEXT='o'
OTOOL64=''
OTOOL=''
PACKAGE='libsyspriv'
PACKAGE_BUGREPORT='BUG-REPORT-ADDRESS'
PACKAGE_NAME='libsyspriv'
PACKAGE_STRING='libsyspriv 1.0'
PACKAGE_TARNAME='libsyspriv'
PACKAGE_URL=''
PACKAGE_VERSION='1.0'
PATH_SEPARATOR=':'
PKG_CONFIG='/usr/bin/pkg-config'
PKG_CONFIG_LIBDIR=''
PKG_CONFIG_PATH=''
RANLIB='ranlib'
SED='/usr/bin/sed'
SET_MAKE=''
SHELL='/bin/bash'
STRIP='strip'
TRACE_CFLAGS=' '
TRACE_LIBS='= '
VERSION='1.0'
WITH_GTEST_SUPPORT_FALSE=''
WITH_GTEST_SUPPORT_TRUE=''
ac_ct_AR='ar'
ac_ct_CC='gcc'
ac_ct_CXX='g++'
ac_ct_DUMPBIN=''
am__EXEEXT_FALSE=''
am__EXEEXT_TRUE=''
am__fastdepCC_FALSE='#'
am__fastdepCC_TRUE=''
am__fastdepCXX_FALSE='#'
am__fastdepCXX_TRUE=''
am__include='include'
am__isrc=''
am__leading_dot='.'
am__nodep='_no'
am__quote=''
am__tar='$${TAR-tar} chof - "$$tardir"'
am__untar='$${TAR-tar} xf -'
bindir='${exec_prefix}/bin'
build='x86_64-pc-linux-gnu'
build_alias=''
build_cpu='x86_64'
build_os='linux-gnu'
build_vendor='pc'
datadir='${datarootdir}'
datarootdir='${prefix}/share'
docdir='${datarootdir}/doc/${PACKAGE_TARNAME}'
dvidir='${docdir}'
exec_prefix='NONE'
host='x86_64-pc-linux-gnu'
host_alias=''
host_cpu='x86_64'
host_os='linux-gnu'
host_vendor='pc'
htmldir='${docdir}'
includedir='${prefix}/include'
infodir='${datarootdir}/info'
install_sh='${SHELL} /home/runner/work/rdk-libunpriv/rdk-libunpriv/install-sh'
libdir='${exec_prefix}/lib'
libexecdir='${exec_prefix}/libexec'
localedir='${datarootdir}/locale'
localstatedir='${prefix}/var'
mandir='${datarootdir}/man'
mkdir_p='$(MKDIR_P)'
oldincludedir='/usr/include'
pdfdir='${docdir}'
prefix='NONE'
program_transform_name='s,x,x,'
psdir='${docdir}'
runstatedir='${localstatedir}/run'
sbindir='${exec_prefix}/sbin'
sharedstatedir='${prefix}/com'
sysconfdir='${prefix}/etc'
target_alias=''

## ----------- ##
## confdefs.h. ##
## ----------- ##

/* confdefs.h */
#define PACKAGE_NAME "libsyspriv"
#define PACKAGE_TARNAME "libsyspriv"
#define PACKAGE_VERSION "1.0"
#define PACKAGE_STRING "libsyspriv 1.0"
#define PACKAGE_BUGREPORT "BUG-REPORT-ADDRESS"
#define PACKAGE_URL ""
#define PACKAGE "libsyspriv"
#define VERSION "1.0"
#define HAVE_STDIO_H 1
#define HAVE_STDLIB_H 1
#define HAVE_STRING_H 1
#define HAVE_INTTYPES_H 1
#define HAVE_STDINT_H 1
#define HAVE_STRINGS_H 1
#define HAVE_SYS_STAT_H 1
#define HAVE_SYS_TYPES_H 1
#define HAVE_UNISTD_H 1
#define STDC_HEADERS 1
#define HAVE_DLFCN_H 1
#define LT_OBJDIR ".libs/"
#define HAVE_STDLIB_H 1
#define HAVE_STRING_H 1
#define HAVE_UNISTD_H 1

configure: exit 1
